
 /----------------------------------------------------------------------------\
 |  yosys -- Yosys Open SYnthesis Suite                                       |
 |  Copyright (C) 2012 - 2025  Claire Xenia Wolf <claire@yosyshq.com>         |
 |  Distributed under an ISC-like license, type "license" to see terms        |
 \----------------------------------------------------------------------------/
 Yosys 0.52 (git sha1 fee39a3284c90249e1d9684cf6944ffbbcbb8f90)

-- Executing script file `design_prep.ys' --

1. Executing RTLIL frontend.
Input filename: design.il

2. Executing SCC pass (detecting logic loops).
Found 0 SCCs in module pc_next.
Found 0 SCCs in module pc_formal.
Found 0 SCCs in module pc.
Found 0 SCCs.

3. Executing SIMPLEMAP pass (map simple cells to gate primitives).

4. Executing MEMORY_NORDFF pass (extracting $dff cells from memories).

5. Executing ASYNC2SYNC pass.
Replacing pc.$procdff$12 ($adff): ARST=\reset, D=\pc_next, Q=\pc_out

6. Executing OPT_CLEAN pass (remove unused cells and wires).
Finding unused cells or wires in module \pc_next..
Finding unused cells or wires in module \pc_formal..
Finding unused cells or wires in module \pc..
Removed 5 unused cells and 5 unused wires.
<suppressed ~6 debug messages>

7. Executing FORMALFF pass.

8. Executing OPT_CLEAN pass (remove unused cells and wires).
Finding unused cells or wires in module \pc..
Finding unused cells or wires in module \pc_formal..
Finding unused cells or wires in module \pc_next..
Removed 1 unused cells and 1 unused wires.
<suppressed ~2 debug messages>

9. Executing CHECK pass (checking for obvious problems).
Checking module pc...
Checking module pc_formal...
Warning: Wire pc_formal.\clk is used but has no driver.
Warning: Wire pc_formal.\reset is used but has no driver.
Checking module pc_next...
Found and reported 2 problems.

10. Executing SETUNDEF pass (replace undef values with defined constants).

11. Executing OPT pass (performing simple optimizations).

11.1. Executing OPT_EXPR pass (perform const folding).
Optimizing module pc.
Optimizing module pc_formal.
<suppressed ~1 debug messages>
Optimizing module pc_next.

11.2. Executing OPT_MERGE pass (detect identical cells).
Finding identical cells in module `\pc'.
Finding identical cells in module `\pc_formal'.
Finding identical cells in module `\pc_next'.
Removed a total of 0 cells.

11.3. Executing OPT_DFF pass (perform DFF optimizations).

11.4. Executing OPT_CLEAN pass (remove unused cells and wires).
Finding unused cells or wires in module \pc..
Finding unused cells or wires in module \pc_formal..
Finding unused cells or wires in module \pc_next..
Removed 0 unused cells and 3 unused wires.
<suppressed ~1 debug messages>

11.5. Finished fast OPT passes.

12. Executing OPT_CLEAN pass (remove unused cells and wires).
Finding unused cells or wires in module \pc..
Finding unused cells or wires in module \pc_formal..
Finding unused cells or wires in module \pc_next..
Removed 0 unused cells and 1 unused wires.
<suppressed ~1 debug messages>

13. Executing RTLIL backend.
Output filename: ../model/design_prep.il

Warnings: 2 unique messages, 2 total
End of script. Logfile hash: 6dc2e4e983, CPU: user 0.02s system 0.01s, MEM: 15.50 MB peak
Yosys 0.52 (git sha1 fee39a3284c90249e1d9684cf6944ffbbcbb8f90)
Time spent: 28% 4x opt_clean (0 sec), 18% 1x opt_expr (0 sec), ...
