
 /----------------------------------------------------------------------------\
 |  yosys -- Yosys Open SYnthesis Suite                                       |
 |  Copyright (C) 2012 - 2025  Claire Xenia Wolf <claire@yosyshq.com>         |
 |  Distributed under an ISC-like license, type "license" to see terms        |
 \----------------------------------------------------------------------------/
 Yosys 0.52 (git sha1 fee39a3284c90249e1d9684cf6944ffbbcbb8f90)

-- Executing script file `../model/design.ys' --

1. Executing Verilog-2005 frontend: pc.v
Parsing formal Verilog input from `pc.v' to AST representation.
Generating RTLIL representation for module `\pc'.
Successfully finished Verilog frontend.

2. Executing Verilog-2005 frontend: pc_next.v
Parsing formal Verilog input from `pc_next.v' to AST representation.
Generating RTLIL representation for module `\pc_next'.
Successfully finished Verilog frontend.

3. Executing Verilog-2005 frontend: pc_formal.sv
Parsing formal Verilog input from `pc_formal.sv' to AST representation.
Generating RTLIL representation for module `\pc_formal'.
Successfully finished Verilog frontend.

4. Executing PREP pass.

4.1. Executing HIERARCHY pass (managing design hierarchy).

4.1.1. Analyzing design hierarchy..
Top module:  \pc_formal
Used module:     \pc
Used module:     \pc_next

4.1.2. Analyzing design hierarchy..
Top module:  \pc_formal
Used module:     \pc
Used module:     \pc_next
Removed 0 unused modules.
Module pc_formal directly or indirectly contains formal properties -> setting "keep" attribute.

4.2. Executing PROC pass (convert processes to netlists).

4.2.1. Executing PROC_CLEAN pass (remove empty switches from decision trees).
Cleaned up 0 empty switches.

4.2.2. Executing PROC_RMDEAD pass (remove dead branches from decision trees).
Marked 1 switch rules as full_case in process $proc$pc.v:8$1 in module pc.
Removed a total of 0 dead cases.

4.2.3. Executing PROC_PRUNE pass (remove redundant assignments in processes).
Removed 2 redundant assignments.
Promoted 1 assignment to connection.

4.2.4. Executing PROC_INIT pass (extract init attributes).

4.2.5. Executing PROC_ARST pass (detect async resets in processes).
Found async reset \reset in `\pc.$proc$pc.v:8$1'.

4.2.6. Executing PROC_ROM pass (convert switches to ROMs).
Converted 0 switches.
<suppressed ~1 debug messages>

4.2.7. Executing PROC_MUX pass (convert decision trees to multiplexers).
Creating decoders for process `\pc_formal.$proc$pc_formal.sv:0$6'.
Creating decoders for process `\pc_formal.$proc$pc_formal.sv:21$3'.
     1/1: $assert$pc_formal.sv:23$4_EN
Creating decoders for process `\pc.$proc$pc.v:8$1'.
     1/1: $0\pc_out[7:0]

4.2.8. Executing PROC_DLATCH pass (convert process syncs to latches).

4.2.9. Executing PROC_DFF pass (convert process syncs to FFs).
Creating register for signal `\pc.\pc_out' using process `\pc.$proc$pc.v:8$1'.
  created $adff cell `$procdff$12' with positive edge clock and positive level reset.

4.2.10. Executing PROC_MEMWR pass (convert process memory writes to cells).

4.2.11. Executing PROC_CLEAN pass (remove empty switches from decision trees).
Removing empty process `pc_formal.$proc$pc_formal.sv:0$6'.
Found and cleaned up 1 empty switch in `\pc_formal.$proc$pc_formal.sv:21$3'.
Removing empty process `pc_formal.$proc$pc_formal.sv:21$3'.
Removing empty process `pc.$proc$pc.v:8$1'.
Cleaned up 1 empty switch.

4.2.12. Executing OPT_EXPR pass (perform const folding).
Optimizing module pc_formal.
<suppressed ~1 debug messages>
Optimizing module pc_next.
Optimizing module pc.
<suppressed ~1 debug messages>

4.3. Executing FUTURE pass.

4.4. Executing OPT_EXPR pass (perform const folding).
Optimizing module pc_formal.
Optimizing module pc_next.
Optimizing module pc.

4.5. Executing OPT_CLEAN pass (remove unused cells and wires).
Finding unused cells or wires in module \pc_formal..
Finding unused cells or wires in module \pc_next..
Finding unused cells or wires in module \pc..
Removed 0 unused cells and 6 unused wires.
<suppressed ~3 debug messages>

4.6. Executing CHECK pass (checking for obvious problems).
Checking module pc...
Checking module pc_formal...
Warning: Wire pc_formal.\reset is used but has no driver.
Warning: Wire pc_formal.\clk is used but has no driver.
Checking module pc_next...
Found and reported 2 problems.

4.7. Executing OPT pass (performing simple optimizations).

4.7.1. Executing OPT_EXPR pass (perform const folding).
Optimizing module pc.
Optimizing module pc_formal.
Optimizing module pc_next.

4.7.2. Executing OPT_MERGE pass (detect identical cells).
Finding identical cells in module `\pc'.
Finding identical cells in module `\pc_formal'.
Finding identical cells in module `\pc_next'.
Removed a total of 0 cells.

4.7.3. Executing OPT_MUXTREE pass (detect dead branches in mux trees).
Running muxtree optimizer on module \pc..
  Creating internal representation of mux trees.
  No muxes found in this module.
Running muxtree optimizer on module \pc_formal..
  Creating internal representation of mux trees.
  Evaluating internal representation of mux trees.
  Analyzing evaluation results.
Running muxtree optimizer on module \pc_next..
  Creating internal representation of mux trees.
  No muxes found in this module.
Removed 0 multiplexer ports.
<suppressed ~1 debug messages>

4.7.4. Executing OPT_REDUCE pass (consolidate $*mux and $reduce_* inputs).
  Optimizing cells in module \pc.
  Optimizing cells in module \pc_formal.
  Optimizing cells in module \pc_next.
Performed a total of 0 changes.

4.7.5. Executing OPT_MERGE pass (detect identical cells).
Finding identical cells in module `\pc'.
Finding identical cells in module `\pc_formal'.
Finding identical cells in module `\pc_next'.
Removed a total of 0 cells.

4.7.6. Executing OPT_CLEAN pass (remove unused cells and wires).
Finding unused cells or wires in module \pc..
Finding unused cells or wires in module \pc_formal..
Finding unused cells or wires in module \pc_next..

4.7.7. Executing OPT_EXPR pass (perform const folding).
Optimizing module pc.
Optimizing module pc_formal.
Optimizing module pc_next.

4.7.8. Finished OPT passes. (There is nothing left to do.)

4.8. Executing WREDUCE pass (reducing word size of cells).
Removed top 7 bits (of 8) from port B of cell pc_next.$add$pc_next.v:6$2 ($add).

4.9. Executing OPT_CLEAN pass (remove unused cells and wires).
Finding unused cells or wires in module \pc..
Finding unused cells or wires in module \pc_formal..
Finding unused cells or wires in module \pc_next..

4.10. Executing MEMORY_COLLECT pass (generating $mem cells).

4.11. Executing OPT pass (performing simple optimizations).

4.11.1. Executing OPT_EXPR pass (perform const folding).
Optimizing module pc.
Optimizing module pc_formal.
Optimizing module pc_next.

4.11.2. Executing OPT_MERGE pass (detect identical cells).
Finding identical cells in module `\pc'.
Finding identical cells in module `\pc_formal'.
Finding identical cells in module `\pc_next'.
Removed a total of 0 cells.

4.11.3. Executing OPT_CLEAN pass (remove unused cells and wires).
Finding unused cells or wires in module \pc..
Finding unused cells or wires in module \pc_formal..
Finding unused cells or wires in module \pc_next..

4.11.4. Finished fast OPT passes.

4.12. Printing statistics.

=== pc ===

   Number of wires:                  4
   Number of wire bits:             18
   Number of public wires:           4
   Number of public wire bits:      18
   Number of ports:                  4
   Number of port bits:             18
   Number of memories:               0
   Number of memory bits:            0
   Number of processes:              0
   Number of cells:                  1
     $adff                           1

=== pc_formal ===

   Number of wires:                  6
   Number of wire bits:             20
   Number of public wires:           4
   Number of public wire bits:      18
   Number of ports:                  0
   Number of port bits:              0
   Number of memories:               0
   Number of memory bits:            0
   Number of processes:              0
   Number of cells:                  6
     $check                          2
     $logic_not                      1
     $mux                            1
     pc                              1
     pc_next                         1

=== pc_next ===

   Number of wires:                  2
   Number of wire bits:             16
   Number of public wires:           2
   Number of public wire bits:      16
   Number of ports:                  2
   Number of port bits:             16
   Number of memories:               0
   Number of memory bits:            0
   Number of processes:              0
   Number of cells:                  1
     $add                            1

=== design hierarchy ===

   pc_formal                         1
     pc                              1
     pc_next                         1

   Number of wires:                 12
   Number of wire bits:             54
   Number of public wires:          10
   Number of public wire bits:      52
   Number of ports:                  6
   Number of port bits:             34
   Number of memories:               0
   Number of memory bits:            0
   Number of processes:              0
   Number of cells:                  6
     $add                            1
     $adff                           1
     $check                          2
     $logic_not                      1
     $mux                            1

4.13. Executing CHECK pass (checking for obvious problems).
Checking module pc...
Checking module pc_formal...
Warning: Wire pc_formal.\reset is used but has no driver.
Warning: Wire pc_formal.\clk is used but has no driver.
Checking module pc_next...
Found and reported 2 problems.

5. Executing HIERARCHY pass (managing design hierarchy).
Attribute `top' found on module `pc_formal'. Setting top module to pc_formal.

5.1. Analyzing design hierarchy..
Top module:  \pc_formal
Used module:     \pc
Used module:     \pc_next

5.2. Analyzing design hierarchy..
Top module:  \pc_formal
Used module:     \pc
Used module:     \pc_next
Removed 0 unused modules.
Module pc_formal directly or indirectly contains formal properties -> setting "keep" attribute.

6. Executing jny backend.

7. Executing RTLIL backend.
Output filename: ../model/design.il

Warnings: 2 unique messages, 4 total
End of script. Logfile hash: 7cf299c643, CPU: user 0.03s system 0.01s, MEM: 15.50 MB peak
Yosys 0.52 (git sha1 fee39a3284c90249e1d9684cf6944ffbbcbb8f90)
Time spent: 35% 5x opt_expr (0 sec), 19% 4x opt_clean (0 sec), ...
